// Jest Snapshot v1, https://goo.gl/fbAQLP

exports[` <Excel /> snapshot 1`] = `
"<div className=\\"excel-tool\\" style={{...}}>
  <div>
    <div className=\\"left-wrapper\\" style={{...}}>
      <table className=\\"excel-table-left-header\\">
        <thead style={{...}}>
          <tr>
            <th style={{...}} data-col={-1} data-row={-1} onContextMenu={[Function: onContextMenu]} />
          </tr>
        </thead>
        <tbody style={{...}} onContextMenu={[Function (anonymous)]} onMouseDown={[Function (anonymous)]} onMouseOver={[Function (anonymous)]} onMouseUp={[Function (anonymous)]} onScroll={[Function (anonymous)]}>
          <tr>
            <td style={{...}} data-col={-1} data-row={0} className=\\"\\">
              0
            </td>
          </tr>
          <tr>
            <td style={{...}} data-col={-1} data-row={1} className=\\"\\">
              1
            </td>
          </tr>
          <tr>
            <td style={{...}} data-col={-1} data-row={2} className=\\"\\">
              2
            </td>
          </tr>
          <tr>
            <td style={{...}} data-col={-1} data-row={3} className=\\"\\">
              3
            </td>
          </tr>
          <tr>
            <td style={{...}} data-col={-1} data-row={4} className=\\"\\">
              4
            </td>
          </tr>
          <tr>
            <td style={{...}} data-col={-1} data-row={5} className=\\"\\">
              5
            </td>
          </tr>
          <tr>
            <td style={{...}} data-col={-1} data-row={6} className=\\"\\">
              6
            </td>
          </tr>
          <tr>
            <td style={{...}} data-col={-1} data-row={7} className=\\"\\">
              7
            </td>
          </tr>
          <tr>
            <td style={{...}} data-col={-1} data-row={8} className=\\"\\">
              8
            </td>
          </tr>
          <tr>
            <td style={{...}} data-col={-1} data-row={9} className=\\"\\">
              9
            </td>
          </tr>
          <tr>
            <td style={{...}} data-col={-1} data-row={10} className=\\"\\">
              10
            </td>
          </tr>
          <tr>
            <td style={{...}} data-col={-1} data-row={11} className=\\"\\">
              11
            </td>
          </tr>
          <tr>
            <td style={{...}} data-col={-1} data-row={12} className=\\"\\">
              12
            </td>
          </tr>
          <tr>
            <td style={{...}} data-col={-1} data-row={13} className=\\"\\">
              13
            </td>
          </tr>
          <tr>
            <td style={{...}} data-col={-1} data-row={14} className=\\"\\">
              14
            </td>
          </tr>
          <tr>
            <td style={{...}} data-col={-1} data-row={15} className=\\"\\">
              15
            </td>
          </tr>
          <tr>
            <td style={{...}} data-col={-1} data-row={16} className=\\"\\">
              16
            </td>
          </tr>
          <tr>
            <td style={{...}} data-col={-1} data-row={17} className=\\"\\">
              17
            </td>
          </tr>
          <tr>
            <td style={{...}} data-col={-1} data-row={18} className=\\"\\">
              18
            </td>
          </tr>
          <tr>
            <td style={{...}} data-col={-1} data-row={19} className=\\"\\">
              19
            </td>
          </tr>
          <tr>
            <td style={{...}} data-col={-1} data-row={20} className=\\"\\">
              20
            </td>
          </tr>
          <tr>
            <td style={{...}} data-col={-1} data-row={21} className=\\"\\">
              21
            </td>
          </tr>
          <tr>
            <td style={{...}} data-col={-1} data-row={22} className=\\"\\">
              22
            </td>
          </tr>
          <tr>
            <td style={{...}} data-col={-1} data-row={23} className=\\"\\">
              23
            </td>
          </tr>
          <tr>
            <td style={{...}} data-col={-1} data-row={24} className=\\"\\">
              24
            </td>
          </tr>
          <tr>
            <td style={{...}} data-col={-1} data-row={25} className=\\"\\">
              25
            </td>
          </tr>
        </tbody>
      </table>
    </div>
    <div className=\\"right-wrapper\\">
      <div className=\\"right-top-wrapper\\" style={{...}} onScroll={[Function (anonymous)]}>
        <table className=\\"excel-table\\" onContextMenu={[Function (anonymous)]} onMouseDown={[Function (anonymous)]} onMouseOver={[Function (anonymous)]} onMouseUp={[Function (anonymous)]}>
          <thead>
            <tr>
              <th style={{...}} data-col={0} data-row={-1} className=\\"\\">
                A
              </th>
              <th style={{...}} data-col={1} data-row={-1} className=\\"\\">
                B
              </th>
              <th style={{...}} data-col={2} data-row={-1} className=\\"\\">
                C
              </th>
              <th style={{...}} data-col={3} data-row={-1} className=\\"\\">
                D
              </th>
              <th style={{...}} data-col={4} data-row={-1} className=\\"\\">
                E
              </th>
              <th style={{...}} data-col={5} data-row={-1} className=\\"\\">
                F
              </th>
              <th style={{...}} data-col={6} data-row={-1} className=\\"\\">
                G
              </th>
              <th style={{...}} data-col={7} data-row={-1} className=\\"\\">
                H
              </th>
              <th style={{...}} data-col={8} data-row={-1} className=\\"\\">
                I
              </th>
              <th style={{...}} data-col={9} data-row={-1} className=\\"\\">
                J
              </th>
              <th style={{...}} data-col={10} data-row={-1} className=\\"\\">
                K
              </th>
              <th style={{...}} data-col={11} data-row={-1} className=\\"\\">
                L
              </th>
              <th style={{...}} data-col={12} data-row={-1} className=\\"\\">
                M
              </th>
              <th style={{...}} data-col={13} data-row={-1} className=\\"\\">
                N
              </th>
              <th style={{...}} data-col={14} data-row={-1} className=\\"\\">
                O
              </th>
            </tr>
          </thead>
        </table>
      </div>
      <div className=\\"right-bottom-wrapper\\" style={{...}} onScroll={[Function (anonymous)]}>
        <div className=\\"inner-wrapper\\">
          <table className=\\"excel-table\\" onContextMenu={[Function (anonymous)]} onMouseDown={[Function (anonymous)]} onMouseOver={[Function (anonymous)]} onMouseUp={[Function (anonymous)]}>
            <tbody onDoubleClick={[Function: onDoubleClick]}>
              <tr>
                <td style={{...}} data-col={0} data-row={0} className=\\"\\">
                  汽车
                </td>
                <td style={{...}} data-col={1} data-row={0} className=\\"\\">
                  价格
                </td>
                <td style={{...}} data-col={2} data-row={0} className=\\"\\">
                  颜色
                </td>
                <td style={{...}} data-col={3} data-row={0} className=\\"\\" />
                <td style={{...}} data-col={4} data-row={0} className=\\"\\" />
                <td style={{...}} data-col={5} data-row={0} className=\\"\\" />
                <td style={{...}} data-col={6} data-row={0} className=\\"\\" />
                <td style={{...}} data-col={7} data-row={0} className=\\"\\" />
                <td style={{...}} data-col={8} data-row={0} className=\\"\\" />
                <td style={{...}} data-col={9} data-row={0} className=\\"\\" />
                <td style={{...}} data-col={10} data-row={0} className=\\"\\" />
                <td style={{...}} data-col={11} data-row={0} className=\\"\\" />
                <td style={{...}} data-col={12} data-row={0} className=\\"\\" />
                <td style={{...}} data-col={13} data-row={0} className=\\"\\" />
                <td style={{...}} data-col={14} data-row={0} className=\\"\\" />
              </tr>
              <tr>
                <td style={{...}} data-col={0} data-row={1} className=\\"\\">
                  奔驰
                </td>
                <td style={{...}} data-col={1} data-row={1} className=\\"\\">
                  5
                </td>
                <td style={{...}} data-col={2} data-row={1} className=\\"\\">
                  珍珠黑
                </td>
                <td style={{...}} data-col={3} data-row={1} className=\\"\\" />
                <td style={{...}} data-col={4} data-row={1} className=\\"\\" />
                <td style={{...}} data-col={5} data-row={1} className=\\"\\" />
                <td style={{...}} data-col={6} data-row={1} className=\\"\\" />
                <td style={{...}} data-col={7} data-row={1} className=\\"\\" />
                <td style={{...}} data-col={8} data-row={1} className=\\"\\" />
                <td style={{...}} data-col={9} data-row={1} className=\\"\\" />
                <td style={{...}} data-col={10} data-row={1} className=\\"\\" />
                <td style={{...}} data-col={11} data-row={1} className=\\"\\" />
                <td style={{...}} data-col={12} data-row={1} className=\\"\\" />
                <td style={{...}} data-col={13} data-row={1} className=\\"\\" />
                <td style={{...}} data-col={14} data-row={1} className=\\"\\" />
              </tr>
              <tr>
                <td style={{...}} data-col={0} data-row={2} className=\\"\\">
                  宝马
                </td>
                <td style={{...}} data-col={1} data-row={2} className=\\"\\">
                  22
                </td>
                <td style={{...}} data-col={2} data-row={2} className=\\"\\">
                  烈焰红
                </td>
                <td style={{...}} data-col={3} data-row={2} className=\\"\\" />
                <td style={{...}} data-col={4} data-row={2} className=\\"\\" />
                <td style={{...}} data-col={5} data-row={2} className=\\"\\" />
                <td style={{...}} data-col={6} data-row={2} className=\\"\\" />
                <td style={{...}} data-col={7} data-row={2} className=\\"\\" />
                <td style={{...}} data-col={8} data-row={2} className=\\"\\" />
                <td style={{...}} data-col={9} data-row={2} className=\\"\\" />
                <td style={{...}} data-col={10} data-row={2} className=\\"\\" />
                <td style={{...}} data-col={11} data-row={2} className=\\"\\" />
                <td style={{...}} data-col={12} data-row={2} className=\\"\\" />
                <td style={{...}} data-col={13} data-row={2} className=\\"\\" />
                <td style={{...}} data-col={14} data-row={2} className=\\"\\" />
              </tr>
              <tr>
                <td style={{...}} data-col={0} data-row={3} className=\\"\\">
                  奥迪
                </td>
                <td style={{...}} data-col={1} data-row={3} className=\\"\\">
                  29
                </td>
                <td style={{...}} data-col={2} data-row={3} className=\\"\\">
                  比斯开蓝
                </td>
                <td style={{...}} data-col={3} data-row={3} className=\\"\\" />
                <td style={{...}} data-col={4} data-row={3} className=\\"\\" />
                <td style={{...}} data-col={5} data-row={3} className=\\"\\" />
                <td style={{...}} data-col={6} data-row={3} className=\\"\\" />
                <td style={{...}} data-col={7} data-row={3} className=\\"\\" />
                <td style={{...}} data-col={8} data-row={3} className=\\"\\" />
                <td style={{...}} data-col={9} data-row={3} className=\\"\\" />
                <td style={{...}} data-col={10} data-row={3} className=\\"\\" />
                <td style={{...}} data-col={11} data-row={3} className=\\"\\" />
                <td style={{...}} data-col={12} data-row={3} className=\\"\\" />
                <td style={{...}} data-col={13} data-row={3} className=\\"\\" />
                <td style={{...}} data-col={14} data-row={3} className=\\"\\" />
              </tr>
              <tr>
                <td style={{...}} data-col={0} data-row={4} className=\\"\\" />
                <td style={{...}} data-col={1} data-row={4} className=\\"\\" />
                <td style={{...}} data-col={2} data-row={4} className=\\"\\" />
                <td style={{...}} data-col={3} data-row={4} className=\\"\\" />
                <td style={{...}} data-col={4} data-row={4} className=\\"\\" />
                <td style={{...}} data-col={5} data-row={4} className=\\"\\" />
                <td style={{...}} data-col={6} data-row={4} className=\\"\\" />
                <td style={{...}} data-col={7} data-row={4} className=\\"\\" />
                <td style={{...}} data-col={8} data-row={4} className=\\"\\" />
                <td style={{...}} data-col={9} data-row={4} className=\\"\\" />
                <td style={{...}} data-col={10} data-row={4} className=\\"\\" />
                <td style={{...}} data-col={11} data-row={4} className=\\"\\" />
                <td style={{...}} data-col={12} data-row={4} className=\\"\\" />
                <td style={{...}} data-col={13} data-row={4} className=\\"\\" />
                <td style={{...}} data-col={14} data-row={4} className=\\"\\" />
              </tr>
              <tr>
                <td style={{...}} data-col={0} data-row={5} className=\\"\\" />
                <td style={{...}} data-col={1} data-row={5} className=\\"\\" />
                <td style={{...}} data-col={2} data-row={5} className=\\"\\" />
                <td style={{...}} data-col={3} data-row={5} className=\\"\\" />
                <td style={{...}} data-col={4} data-row={5} className=\\"\\" />
                <td style={{...}} data-col={5} data-row={5} className=\\"\\" />
                <td style={{...}} data-col={6} data-row={5} className=\\"\\" />
                <td style={{...}} data-col={7} data-row={5} className=\\"\\" />
                <td style={{...}} data-col={8} data-row={5} className=\\"\\" />
                <td style={{...}} data-col={9} data-row={5} className=\\"\\" />
                <td style={{...}} data-col={10} data-row={5} className=\\"\\" />
                <td style={{...}} data-col={11} data-row={5} className=\\"\\" />
                <td style={{...}} data-col={12} data-row={5} className=\\"\\" />
                <td style={{...}} data-col={13} data-row={5} className=\\"\\" />
                <td style={{...}} data-col={14} data-row={5} className=\\"\\" />
              </tr>
              <tr>
                <td style={{...}} data-col={0} data-row={6} className=\\"\\" />
                <td style={{...}} data-col={1} data-row={6} className=\\"\\" />
                <td style={{...}} data-col={2} data-row={6} className=\\"\\" />
                <td style={{...}} data-col={3} data-row={6} className=\\"\\" />
                <td style={{...}} data-col={4} data-row={6} className=\\"\\" />
                <td style={{...}} data-col={5} data-row={6} className=\\"\\" />
                <td style={{...}} data-col={6} data-row={6} className=\\"\\" />
                <td style={{...}} data-col={7} data-row={6} className=\\"\\" />
                <td style={{...}} data-col={8} data-row={6} className=\\"\\" />
                <td style={{...}} data-col={9} data-row={6} className=\\"\\" />
                <td style={{...}} data-col={10} data-row={6} className=\\"\\" />
                <td style={{...}} data-col={11} data-row={6} className=\\"\\" />
                <td style={{...}} data-col={12} data-row={6} className=\\"\\" />
                <td style={{...}} data-col={13} data-row={6} className=\\"\\" />
                <td style={{...}} data-col={14} data-row={6} className=\\"\\" />
              </tr>
              <tr>
                <td style={{...}} data-col={0} data-row={7} className=\\"\\" />
                <td style={{...}} data-col={1} data-row={7} className=\\"\\" />
                <td style={{...}} data-col={2} data-row={7} className=\\"\\" />
                <td style={{...}} data-col={3} data-row={7} className=\\"\\" />
                <td style={{...}} data-col={4} data-row={7} className=\\"\\" />
                <td style={{...}} data-col={5} data-row={7} className=\\"\\" />
                <td style={{...}} data-col={6} data-row={7} className=\\"\\" />
                <td style={{...}} data-col={7} data-row={7} className=\\"\\" />
                <td style={{...}} data-col={8} data-row={7} className=\\"\\" />
                <td style={{...}} data-col={9} data-row={7} className=\\"\\" />
                <td style={{...}} data-col={10} data-row={7} className=\\"\\" />
                <td style={{...}} data-col={11} data-row={7} className=\\"\\" />
                <td style={{...}} data-col={12} data-row={7} className=\\"\\" />
                <td style={{...}} data-col={13} data-row={7} className=\\"\\" />
                <td style={{...}} data-col={14} data-row={7} className=\\"\\" />
              </tr>
              <tr>
                <td style={{...}} data-col={0} data-row={8} className=\\"\\" />
                <td style={{...}} data-col={1} data-row={8} className=\\"\\" />
                <td style={{...}} data-col={2} data-row={8} className=\\"\\" />
                <td style={{...}} data-col={3} data-row={8} className=\\"\\" />
                <td style={{...}} data-col={4} data-row={8} className=\\"\\" />
                <td style={{...}} data-col={5} data-row={8} className=\\"\\" />
                <td style={{...}} data-col={6} data-row={8} className=\\"\\" />
                <td style={{...}} data-col={7} data-row={8} className=\\"\\" />
                <td style={{...}} data-col={8} data-row={8} className=\\"\\" />
                <td style={{...}} data-col={9} data-row={8} className=\\"\\" />
                <td style={{...}} data-col={10} data-row={8} className=\\"\\" />
                <td style={{...}} data-col={11} data-row={8} className=\\"\\" />
                <td style={{...}} data-col={12} data-row={8} className=\\"\\" />
                <td style={{...}} data-col={13} data-row={8} className=\\"\\" />
                <td style={{...}} data-col={14} data-row={8} className=\\"\\" />
              </tr>
              <tr>
                <td style={{...}} data-col={0} data-row={9} className=\\"\\" />
                <td style={{...}} data-col={1} data-row={9} className=\\"\\" />
                <td style={{...}} data-col={2} data-row={9} className=\\"\\" />
                <td style={{...}} data-col={3} data-row={9} className=\\"\\" />
                <td style={{...}} data-col={4} data-row={9} className=\\"\\" />
                <td style={{...}} data-col={5} data-row={9} className=\\"\\" />
                <td style={{...}} data-col={6} data-row={9} className=\\"\\" />
                <td style={{...}} data-col={7} data-row={9} className=\\"\\" />
                <td style={{...}} data-col={8} data-row={9} className=\\"\\" />
                <td style={{...}} data-col={9} data-row={9} className=\\"\\" />
                <td style={{...}} data-col={10} data-row={9} className=\\"\\" />
                <td style={{...}} data-col={11} data-row={9} className=\\"\\" />
                <td style={{...}} data-col={12} data-row={9} className=\\"\\" />
                <td style={{...}} data-col={13} data-row={9} className=\\"\\" />
                <td style={{...}} data-col={14} data-row={9} className=\\"\\" />
              </tr>
              <tr>
                <td style={{...}} data-col={0} data-row={10} className=\\"\\" />
                <td style={{...}} data-col={1} data-row={10} className=\\"\\" />
                <td style={{...}} data-col={2} data-row={10} className=\\"\\" />
                <td style={{...}} data-col={3} data-row={10} className=\\"\\" />
                <td style={{...}} data-col={4} data-row={10} className=\\"\\" />
                <td style={{...}} data-col={5} data-row={10} className=\\"\\" />
                <td style={{...}} data-col={6} data-row={10} className=\\"\\" />
                <td style={{...}} data-col={7} data-row={10} className=\\"\\" />
                <td style={{...}} data-col={8} data-row={10} className=\\"\\" />
                <td style={{...}} data-col={9} data-row={10} className=\\"\\" />
                <td style={{...}} data-col={10} data-row={10} className=\\"\\" />
                <td style={{...}} data-col={11} data-row={10} className=\\"\\" />
                <td style={{...}} data-col={12} data-row={10} className=\\"\\" />
                <td style={{...}} data-col={13} data-row={10} className=\\"\\" />
                <td style={{...}} data-col={14} data-row={10} className=\\"\\" />
              </tr>
              <tr>
                <td style={{...}} data-col={0} data-row={11} className=\\"\\" />
                <td style={{...}} data-col={1} data-row={11} className=\\"\\" />
                <td style={{...}} data-col={2} data-row={11} className=\\"\\" />
                <td style={{...}} data-col={3} data-row={11} className=\\"\\" />
                <td style={{...}} data-col={4} data-row={11} className=\\"\\" />
                <td style={{...}} data-col={5} data-row={11} className=\\"\\" />
                <td style={{...}} data-col={6} data-row={11} className=\\"\\" />
                <td style={{...}} data-col={7} data-row={11} className=\\"\\" />
                <td style={{...}} data-col={8} data-row={11} className=\\"\\" />
                <td style={{...}} data-col={9} data-row={11} className=\\"\\" />
                <td style={{...}} data-col={10} data-row={11} className=\\"\\" />
                <td style={{...}} data-col={11} data-row={11} className=\\"\\" />
                <td style={{...}} data-col={12} data-row={11} className=\\"\\" />
                <td style={{...}} data-col={13} data-row={11} className=\\"\\" />
                <td style={{...}} data-col={14} data-row={11} className=\\"\\" />
              </tr>
              <tr>
                <td style={{...}} data-col={0} data-row={12} className=\\"\\" />
                <td style={{...}} data-col={1} data-row={12} className=\\"\\" />
                <td style={{...}} data-col={2} data-row={12} className=\\"\\" />
                <td style={{...}} data-col={3} data-row={12} className=\\"\\" />
                <td style={{...}} data-col={4} data-row={12} className=\\"\\" />
                <td style={{...}} data-col={5} data-row={12} className=\\"\\" />
                <td style={{...}} data-col={6} data-row={12} className=\\"\\" />
                <td style={{...}} data-col={7} data-row={12} className=\\"\\" />
                <td style={{...}} data-col={8} data-row={12} className=\\"\\" />
                <td style={{...}} data-col={9} data-row={12} className=\\"\\" />
                <td style={{...}} data-col={10} data-row={12} className=\\"\\" />
                <td style={{...}} data-col={11} data-row={12} className=\\"\\" />
                <td style={{...}} data-col={12} data-row={12} className=\\"\\" />
                <td style={{...}} data-col={13} data-row={12} className=\\"\\" />
                <td style={{...}} data-col={14} data-row={12} className=\\"\\" />
              </tr>
              <tr>
                <td style={{...}} data-col={0} data-row={13} className=\\"\\" />
                <td style={{...}} data-col={1} data-row={13} className=\\"\\" />
                <td style={{...}} data-col={2} data-row={13} className=\\"\\" />
                <td style={{...}} data-col={3} data-row={13} className=\\"\\" />
                <td style={{...}} data-col={4} data-row={13} className=\\"\\" />
                <td style={{...}} data-col={5} data-row={13} className=\\"\\" />
                <td style={{...}} data-col={6} data-row={13} className=\\"\\" />
                <td style={{...}} data-col={7} data-row={13} className=\\"\\" />
                <td style={{...}} data-col={8} data-row={13} className=\\"\\" />
                <td style={{...}} data-col={9} data-row={13} className=\\"\\" />
                <td style={{...}} data-col={10} data-row={13} className=\\"\\" />
                <td style={{...}} data-col={11} data-row={13} className=\\"\\" />
                <td style={{...}} data-col={12} data-row={13} className=\\"\\" />
                <td style={{...}} data-col={13} data-row={13} className=\\"\\" />
                <td style={{...}} data-col={14} data-row={13} className=\\"\\" />
              </tr>
              <tr>
                <td style={{...}} data-col={0} data-row={14} className=\\"\\" />
                <td style={{...}} data-col={1} data-row={14} className=\\"\\" />
                <td style={{...}} data-col={2} data-row={14} className=\\"\\" />
                <td style={{...}} data-col={3} data-row={14} className=\\"\\" />
                <td style={{...}} data-col={4} data-row={14} className=\\"\\" />
                <td style={{...}} data-col={5} data-row={14} className=\\"\\" />
                <td style={{...}} data-col={6} data-row={14} className=\\"\\" />
                <td style={{...}} data-col={7} data-row={14} className=\\"\\" />
                <td style={{...}} data-col={8} data-row={14} className=\\"\\" />
                <td style={{...}} data-col={9} data-row={14} className=\\"\\" />
                <td style={{...}} data-col={10} data-row={14} className=\\"\\" />
                <td style={{...}} data-col={11} data-row={14} className=\\"\\" />
                <td style={{...}} data-col={12} data-row={14} className=\\"\\" />
                <td style={{...}} data-col={13} data-row={14} className=\\"\\" />
                <td style={{...}} data-col={14} data-row={14} className=\\"\\" />
              </tr>
              <tr>
                <td style={{...}} data-col={0} data-row={15} className=\\"\\" />
                <td style={{...}} data-col={1} data-row={15} className=\\"\\" />
                <td style={{...}} data-col={2} data-row={15} className=\\"\\" />
                <td style={{...}} data-col={3} data-row={15} className=\\"\\" />
                <td style={{...}} data-col={4} data-row={15} className=\\"\\" />
                <td style={{...}} data-col={5} data-row={15} className=\\"\\" />
                <td style={{...}} data-col={6} data-row={15} className=\\"\\" />
                <td style={{...}} data-col={7} data-row={15} className=\\"\\" />
                <td style={{...}} data-col={8} data-row={15} className=\\"\\" />
                <td style={{...}} data-col={9} data-row={15} className=\\"\\" />
                <td style={{...}} data-col={10} data-row={15} className=\\"\\" />
                <td style={{...}} data-col={11} data-row={15} className=\\"\\" />
                <td style={{...}} data-col={12} data-row={15} className=\\"\\" />
                <td style={{...}} data-col={13} data-row={15} className=\\"\\" />
                <td style={{...}} data-col={14} data-row={15} className=\\"\\" />
              </tr>
              <tr>
                <td style={{...}} data-col={0} data-row={16} className=\\"\\" />
                <td style={{...}} data-col={1} data-row={16} className=\\"\\" />
                <td style={{...}} data-col={2} data-row={16} className=\\"\\" />
                <td style={{...}} data-col={3} data-row={16} className=\\"\\" />
                <td style={{...}} data-col={4} data-row={16} className=\\"\\" />
                <td style={{...}} data-col={5} data-row={16} className=\\"\\" />
                <td style={{...}} data-col={6} data-row={16} className=\\"\\" />
                <td style={{...}} data-col={7} data-row={16} className=\\"\\" />
                <td style={{...}} data-col={8} data-row={16} className=\\"\\" />
                <td style={{...}} data-col={9} data-row={16} className=\\"\\" />
                <td style={{...}} data-col={10} data-row={16} className=\\"\\" />
                <td style={{...}} data-col={11} data-row={16} className=\\"\\" />
                <td style={{...}} data-col={12} data-row={16} className=\\"\\" />
                <td style={{...}} data-col={13} data-row={16} className=\\"\\" />
                <td style={{...}} data-col={14} data-row={16} className=\\"\\" />
              </tr>
              <tr>
                <td style={{...}} data-col={0} data-row={17} className=\\"\\" />
                <td style={{...}} data-col={1} data-row={17} className=\\"\\" />
                <td style={{...}} data-col={2} data-row={17} className=\\"\\" />
                <td style={{...}} data-col={3} data-row={17} className=\\"\\" />
                <td style={{...}} data-col={4} data-row={17} className=\\"\\" />
                <td style={{...}} data-col={5} data-row={17} className=\\"\\" />
                <td style={{...}} data-col={6} data-row={17} className=\\"\\" />
                <td style={{...}} data-col={7} data-row={17} className=\\"\\" />
                <td style={{...}} data-col={8} data-row={17} className=\\"\\" />
                <td style={{...}} data-col={9} data-row={17} className=\\"\\" />
                <td style={{...}} data-col={10} data-row={17} className=\\"\\" />
                <td style={{...}} data-col={11} data-row={17} className=\\"\\" />
                <td style={{...}} data-col={12} data-row={17} className=\\"\\" />
                <td style={{...}} data-col={13} data-row={17} className=\\"\\" />
                <td style={{...}} data-col={14} data-row={17} className=\\"\\" />
              </tr>
              <tr>
                <td style={{...}} data-col={0} data-row={18} className=\\"\\" />
                <td style={{...}} data-col={1} data-row={18} className=\\"\\" />
                <td style={{...}} data-col={2} data-row={18} className=\\"\\" />
                <td style={{...}} data-col={3} data-row={18} className=\\"\\" />
                <td style={{...}} data-col={4} data-row={18} className=\\"\\" />
                <td style={{...}} data-col={5} data-row={18} className=\\"\\" />
                <td style={{...}} data-col={6} data-row={18} className=\\"\\" />
                <td style={{...}} data-col={7} data-row={18} className=\\"\\" />
                <td style={{...}} data-col={8} data-row={18} className=\\"\\" />
                <td style={{...}} data-col={9} data-row={18} className=\\"\\" />
                <td style={{...}} data-col={10} data-row={18} className=\\"\\" />
                <td style={{...}} data-col={11} data-row={18} className=\\"\\" />
                <td style={{...}} data-col={12} data-row={18} className=\\"\\" />
                <td style={{...}} data-col={13} data-row={18} className=\\"\\" />
                <td style={{...}} data-col={14} data-row={18} className=\\"\\" />
              </tr>
              <tr>
                <td style={{...}} data-col={0} data-row={19} className=\\"\\" />
                <td style={{...}} data-col={1} data-row={19} className=\\"\\" />
                <td style={{...}} data-col={2} data-row={19} className=\\"\\" />
                <td style={{...}} data-col={3} data-row={19} className=\\"\\" />
                <td style={{...}} data-col={4} data-row={19} className=\\"\\" />
                <td style={{...}} data-col={5} data-row={19} className=\\"\\" />
                <td style={{...}} data-col={6} data-row={19} className=\\"\\" />
                <td style={{...}} data-col={7} data-row={19} className=\\"\\" />
                <td style={{...}} data-col={8} data-row={19} className=\\"\\" />
                <td style={{...}} data-col={9} data-row={19} className=\\"\\" />
                <td style={{...}} data-col={10} data-row={19} className=\\"\\" />
                <td style={{...}} data-col={11} data-row={19} className=\\"\\" />
                <td style={{...}} data-col={12} data-row={19} className=\\"\\" />
                <td style={{...}} data-col={13} data-row={19} className=\\"\\" />
                <td style={{...}} data-col={14} data-row={19} className=\\"\\" />
              </tr>
              <tr>
                <td style={{...}} data-col={0} data-row={20} className=\\"\\" />
                <td style={{...}} data-col={1} data-row={20} className=\\"\\" />
                <td style={{...}} data-col={2} data-row={20} className=\\"\\" />
                <td style={{...}} data-col={3} data-row={20} className=\\"\\" />
                <td style={{...}} data-col={4} data-row={20} className=\\"\\" />
                <td style={{...}} data-col={5} data-row={20} className=\\"\\" />
                <td style={{...}} data-col={6} data-row={20} className=\\"\\" />
                <td style={{...}} data-col={7} data-row={20} className=\\"\\" />
                <td style={{...}} data-col={8} data-row={20} className=\\"\\" />
                <td style={{...}} data-col={9} data-row={20} className=\\"\\" />
                <td style={{...}} data-col={10} data-row={20} className=\\"\\" />
                <td style={{...}} data-col={11} data-row={20} className=\\"\\" />
                <td style={{...}} data-col={12} data-row={20} className=\\"\\" />
                <td style={{...}} data-col={13} data-row={20} className=\\"\\" />
                <td style={{...}} data-col={14} data-row={20} className=\\"\\" />
              </tr>
              <tr>
                <td style={{...}} data-col={0} data-row={21} className=\\"\\" />
                <td style={{...}} data-col={1} data-row={21} className=\\"\\" />
                <td style={{...}} data-col={2} data-row={21} className=\\"\\" />
                <td style={{...}} data-col={3} data-row={21} className=\\"\\" />
                <td style={{...}} data-col={4} data-row={21} className=\\"\\" />
                <td style={{...}} data-col={5} data-row={21} className=\\"\\" />
                <td style={{...}} data-col={6} data-row={21} className=\\"\\" />
                <td style={{...}} data-col={7} data-row={21} className=\\"\\" />
                <td style={{...}} data-col={8} data-row={21} className=\\"\\" />
                <td style={{...}} data-col={9} data-row={21} className=\\"\\" />
                <td style={{...}} data-col={10} data-row={21} className=\\"\\" />
                <td style={{...}} data-col={11} data-row={21} className=\\"\\" />
                <td style={{...}} data-col={12} data-row={21} className=\\"\\" />
                <td style={{...}} data-col={13} data-row={21} className=\\"\\" />
                <td style={{...}} data-col={14} data-row={21} className=\\"\\" />
              </tr>
              <tr>
                <td style={{...}} data-col={0} data-row={22} className=\\"\\" />
                <td style={{...}} data-col={1} data-row={22} className=\\"\\" />
                <td style={{...}} data-col={2} data-row={22} className=\\"\\" />
                <td style={{...}} data-col={3} data-row={22} className=\\"\\" />
                <td style={{...}} data-col={4} data-row={22} className=\\"\\" />
                <td style={{...}} data-col={5} data-row={22} className=\\"\\" />
                <td style={{...}} data-col={6} data-row={22} className=\\"\\" />
                <td style={{...}} data-col={7} data-row={22} className=\\"\\" />
                <td style={{...}} data-col={8} data-row={22} className=\\"\\" />
                <td style={{...}} data-col={9} data-row={22} className=\\"\\" />
                <td style={{...}} data-col={10} data-row={22} className=\\"\\" />
                <td style={{...}} data-col={11} data-row={22} className=\\"\\" />
                <td style={{...}} data-col={12} data-row={22} className=\\"\\" />
                <td style={{...}} data-col={13} data-row={22} className=\\"\\" />
                <td style={{...}} data-col={14} data-row={22} className=\\"\\" />
              </tr>
              <tr>
                <td style={{...}} data-col={0} data-row={23} className=\\"\\" />
                <td style={{...}} data-col={1} data-row={23} className=\\"\\" />
                <td style={{...}} data-col={2} data-row={23} className=\\"\\" />
                <td style={{...}} data-col={3} data-row={23} className=\\"\\" />
                <td style={{...}} data-col={4} data-row={23} className=\\"\\" />
                <td style={{...}} data-col={5} data-row={23} className=\\"\\" />
                <td style={{...}} data-col={6} data-row={23} className=\\"\\" />
                <td style={{...}} data-col={7} data-row={23} className=\\"\\" />
                <td style={{...}} data-col={8} data-row={23} className=\\"\\" />
                <td style={{...}} data-col={9} data-row={23} className=\\"\\" />
                <td style={{...}} data-col={10} data-row={23} className=\\"\\" />
                <td style={{...}} data-col={11} data-row={23} className=\\"\\" />
                <td style={{...}} data-col={12} data-row={23} className=\\"\\" />
                <td style={{...}} data-col={13} data-row={23} className=\\"\\" />
                <td style={{...}} data-col={14} data-row={23} className=\\"\\" />
              </tr>
              <tr>
                <td style={{...}} data-col={0} data-row={24} className=\\"\\" />
                <td style={{...}} data-col={1} data-row={24} className=\\"\\" />
                <td style={{...}} data-col={2} data-row={24} className=\\"\\" />
                <td style={{...}} data-col={3} data-row={24} className=\\"\\" />
                <td style={{...}} data-col={4} data-row={24} className=\\"\\" />
                <td style={{...}} data-col={5} data-row={24} className=\\"\\" />
                <td style={{...}} data-col={6} data-row={24} className=\\"\\" />
                <td style={{...}} data-col={7} data-row={24} className=\\"\\" />
                <td style={{...}} data-col={8} data-row={24} className=\\"\\" />
                <td style={{...}} data-col={9} data-row={24} className=\\"\\" />
                <td style={{...}} data-col={10} data-row={24} className=\\"\\" />
                <td style={{...}} data-col={11} data-row={24} className=\\"\\" />
                <td style={{...}} data-col={12} data-row={24} className=\\"\\" />
                <td style={{...}} data-col={13} data-row={24} className=\\"\\" />
                <td style={{...}} data-col={14} data-row={24} className=\\"\\" />
              </tr>
              <tr>
                <td style={{...}} data-col={0} data-row={25} className=\\"\\" />
                <td style={{...}} data-col={1} data-row={25} className=\\"\\" />
                <td style={{...}} data-col={2} data-row={25} className=\\"\\" />
                <td style={{...}} data-col={3} data-row={25} className=\\"\\" />
                <td style={{...}} data-col={4} data-row={25} className=\\"\\" />
                <td style={{...}} data-col={5} data-row={25} className=\\"\\" />
                <td style={{...}} data-col={6} data-row={25} className=\\"\\" />
                <td style={{...}} data-col={7} data-row={25} className=\\"\\" />
                <td style={{...}} data-col={8} data-row={25} className=\\"\\" />
                <td style={{...}} data-col={9} data-row={25} className=\\"\\" />
                <td style={{...}} data-col={10} data-row={25} className=\\"\\" />
                <td style={{...}} data-col={11} data-row={25} className=\\"\\" />
                <td style={{...}} data-col={12} data-row={25} className=\\"\\" />
                <td style={{...}} data-col={13} data-row={25} className=\\"\\" />
                <td style={{...}} data-col={14} data-row={25} className=\\"\\" />
              </tr>
            </tbody>
          </table>
          <div className=\\"excel-borders\\" onMouseDown={[Function: onMouseDown]} onMouseUp={[Function (anonymous)]} onContextMenu={[Function: onContextMenu]} />
        </div>
      </div>
    </div>
  </div>
  <ul style={{...}} className=\\"excel-context\\" onClick={[Function: onClick]} onKeyPress={[Function: onKeyPress]} onContextMenu={[Function: onContextMenu]}>
    <li onClick={[Function (anonymous)]} onKeyPress={[Function (anonymous)]}>
      <span>
        Copy
      </span>
    </li>
    <li onClick={[Function (anonymous)]} onKeyPress={[Function (anonymous)]}>
      <span>
        Cut
      </span>
    </li>
    <li onClick={[Function (anonymous)]} onKeyPress={[Function (anonymous)]}>
      <span>
        Paste
      </span>
    </li>
    <div className=\\"divider\\" />
    <li onClick={[Function (anonymous)]} onKeyPress={[Function (anonymous)]}>
      <span>
        Insert row above
      </span>
    </li>
    <li onClick={[Function (anonymous)]} onKeyPress={[Function (anonymous)]}>
      <span>
        Insert row below
      </span>
    </li>
    <li onClick={[Function (anonymous)]} onKeyPress={[Function (anonymous)]}>
      <span>
        Delete row
      </span>
    </li>
    <div className=\\"divider\\" />
    <li onClick={[Function (anonymous)]} onKeyPress={[Function (anonymous)]}>
      <span>
        Insert column left
      </span>
    </li>
    <li onClick={[Function (anonymous)]} onKeyPress={[Function (anonymous)]}>
      <span>
        Insert column right
      </span>
    </li>
    <li onClick={[Function (anonymous)]} onKeyPress={[Function (anonymous)]}>
      <span>
        Delete column
      </span>
    </li>
    <div className=\\"divider\\" />
    <li onClick={[Function (anonymous)]} onKeyPress={[Function (anonymous)]}>
      <span>
        Clear
      </span>
    </li>
    <div className=\\"divider\\" />
    <li onClick={[Function (anonymous)]} onKeyPress={[Function (anonymous)]}>
      <span>
        Sort A-Z
      </span>
    </li>
    <li onClick={[Function (anonymous)]} onKeyPress={[Function (anonymous)]}>
      <span>
        Sort Z-A
      </span>
    </li>
  </ul>
</div>"
`;
